a auditor
a coordinator
a inspector
active pharmaceutical ingredient
actuating equipment
administration department
administrations department
allowing
allowing task
analytical equipment
approved supplier
assess
assess task
assessing
assessment report
assistant
assistant purchasing officer
assurance auditor
assurance coordinator
assurance department
assurance inspector
auditor
batch number
blender
c coordinator
c officer
centrifuge
centrifuging
charging
check
checking task
chromatograph
chromotograph
classifying
clean
cleaniness test task
cleaning
cleaning task
cleaning validation plan
cleaning validation report
cleanliness report
cleanliness test
cleanliness test task
clerical assistant
column
comply
complying
component
computer validation plan
computer validation report
construction
construction material specification
construction specification
consumer
contents
control
control coordinator
control department
control laboratory
control officer
controller
cooling
coordinator
crystallization
crystallizer
customer
dealer
delaying
department
design qualification
deviation report
dimension specification
disapproved supplier
dispensing
display
displaying
displaying task
dispose
disposing
disposing task
distillation
distillation column
distributor
document
dryer
drying
engineer
equipment
equipment cleaniness test task
equipment cleaning task
equipment cleanliness report
equipment cleanliness test
equipment cleanliness test task
equipment settings
equipment specification
evaluating
evaluation report
evaluation test
extraction
extraction column
filter
filtering
final product
flow equipment
generic task
heating
identify
identifying
identifying task
incidence
ingredient
inspector
installation qualification
intermediate material
intra process task
investigating
investigation report
investigation task
investigatory entity
iregular incidence
irregular incidence
irrelavant task
lab engineer
lab technician
label
labelling
laboratory
maintainance department
maintainance operator
maintainance person
maintenance department
maintenance operator
manager
mark
marking task
material
material evaluation report
material evaluation test
material label
material of construction
material of construction specification
material purchase report
material purchase task
material specification
material test task
materialof construction specification
mill
milling
number
of construction
of construction specification
of the contents
officer
operating procedure
operation
operational qualification
operator
package
packaging
packaging material
party
performance qualification
person
personnel
pharma customer
pharma supplier
pharma supplier assess task
pharmaceutical ingredient
physical component
pipe
plan
port
position
post process task
pre process task
procedure
process task
process validation plan
process validation report
processing equipment
product
production coordinator
production department
production engineer
production technician
protect
protecting
protecting task
pump
purchase
purchase report
purchase task
purchasing
purchasing clerical assistant
purchasing department
purchasing officer
purchasing task
purging
q a auditor
q a coordinator
q a inspector
q c coordinator
q c officer
qa auditor
qa coordinator
qa inspector
qc
qc coordinator
qc department
qc laboratory
qc officer
qualification
quality assurance auditor
quality assurance coordinator
quality assurance department
quality assurance inspector
quality control
quality control coordinator
quality control department
quality control laboratory
quality control officer
quarantine
quarantining
quarantining task
qyality control laboratory
reaction
reaction yield test
reaction yield test task
reactor
record
recording
recording task
regulation
reinforce
reinforcing
reinforcing task
report
reporting
reporting task
representative
restrict
restricting
restricting task
return
returning
returning task
role
sensor
settings
show
showing task
sinking
specification
spectroscopy
standard operating procedure
starting material
starting material purchase task
starting material test task
status of the contents
stoich reaction
storage
storage equipment
storage tank
store
storing
storing task
stream
substance
supervise
supervising
supervising task
supplier
supplier assess task
supplier assessment report
tank
task procedure
task report
technician
test
test task
testing
tharmal equipment
the contents
thermal equipment
third party
transport
transporting
transporting task
unit procedure
unknown supplier
validate
validating
validation manager
validation plan
validation report
validation representative
validation test
valve
washing
writing
writing task
written procedure
yield
yield deviation report
yield test
yield test task
yielding